// Jest Snapshot v1, https://goo.gl/fbAQLP

exports[`Logo Should match snapshot 1`] = `"<div class=\\"styled__StLogo-sc-1lhyjdk-0 eFYqgc\\"><img src=\\"public/assets/images/game-development.png\\"/><div><button type=\\"button\\" font-size=\\"20px\\" class=\\"styled__StButton-sc-1y35zax-0 kFMylk\\">game_zone</button><button type=\\"button\\" font-size=\\"20px\\" class=\\"styled__StButton-sc-1y35zax-0 qmQvK\\">statistics</button></div></div>"`;
