// Jest Snapshot v1, https://goo.gl/fbAQLP

exports[`MainContent Should match snapshot 1`] = `"<div class=\\"styled__StMainContent-sc-1j4ztaa-0 bVTJbg\\"><div class=\\"styled__StRoomsContainer-sc-2jyga5-0 iHEkTO\\"><div class=\\"styled__StAddRoom-sc-5w938c-0 djgSFI\\">+</div></div><div class=\\"styled__StGameContent-sc-rfvg7b-0 cPjyTE\\"><div class=\\"styled__StHello-sc-3v9sfb-0 kCiutw\\"><img src=\\"https://i.gifer.com/origin/51/518532f622d962be53e2e1f8989263a8_w200.gif\\"/><p>hi <br/>joing_room</p></div></div></div>"`;
